[marketifythemes.net/html/cavoni/index.html]
[backblue.gif]
[fade.gif]
[index.html]
[marketifythemes.net/html/cavoni/css/plugins.css]
[marketifythemes.net/html/cavoni/css/style.css]
[marketifythemes.net/html/cavoni/img/svg/cancel.svg]
[marketifythemes.net/html/cavoni/img/logo/dark.png]
[marketifythemes.net/html/cavoni/img/about/1.jpg]
[marketifythemes.net/html/cavoni/img/svg/social/facebook.svg]
[marketifythemes.net/html/cavoni/img/svg/social/twitter.svg]
[marketifythemes.net/html/cavoni/img/svg/social/instagram.svg]
[marketifythemes.net/html/cavoni/img/svg/social/dribbble.svg]
[marketifythemes.net/html/cavoni/img/svg/social/tik-tok.svg]
[marketifythemes.net/html/cavoni/img/partners/1.png]
[marketifythemes.net/html/cavoni/img/partners/2.png]
[marketifythemes.net/html/cavoni/img/partners/3.png]
[marketifythemes.net/html/cavoni/img/partners/4.png]
[marketifythemes.net/html/cavoni/img/partners/5.png]
[marketifythemes.net/html/cavoni/img/testimonials/1.jpg]
[marketifythemes.net/html/cavoni/img/testimonials/2.jpg]
[marketifythemes.net/html/cavoni/img/testimonials/3.jpg]
[marketifythemes.net/html/cavoni/img/thumbs/1-1.jpg]
[marketifythemes.net/html/cavoni/img/portfolio/1.jpg]
[marketifythemes.net/html/cavoni/img/portfolio/2.jpg]
[marketifythemes.net/html/cavoni/img/portfolio/3.jpg]
[marketifythemes.net/html/cavoni/img/portfolio/4.jpg]
[marketifythemes.net/html/cavoni/img/portfolio/5.jpg]
[marketifythemes.net/html/cavoni/img/portfolio/6.jpg]
[marketifythemes.net/html/cavoni/img/thumbs/4-2.jpg]
[marketifythemes.net/html/cavoni/img/thumbs/4-3.jpg]
[marketifythemes.net/html/cavoni/img/news/1.jpg]
[marketifythemes.net/html/cavoni/img/news/2.jpg]
[marketifythemes.net/html/cavoni/img/news/3.jpg]
[marketifythemes.net/html/cavoni/img/news/4.jpg]
[marketifythemes.net/html/cavoni/img/news/5.jpg]
[marketifythemes.net/html/cavoni/img/news/6.jpg]
[marketifythemes.net/cdn-cgi/scripts/5c5dd728/cloudflare-static/email-decode.min.js]
[marketifythemes.net/html/cavoni/js/jquery.js]
[marketifythemes.net/html/cavoni/js/plugins.js]
[marketifythemes.net/html/cavoni/index.html]
[marketifythemes.net/html/cavoni/js/init.js]
[marketifythemes.net/html/cavoni/css/font/fontello3b7f.eot]
[marketifythemes.net/html/cavoni/css/font/fontello3b7f.woff2]
[marketifythemes.net/html/cavoni/css/font/fontello3b7f.woff]
[marketifythemes.net/html/cavoni/css/font/fontello3b7f.ttf]
[marketifythemes.net/html/cavoni/css/font/fontello3b7f.svg]
[marketifythemes.net/html/cavoni/css/owl.video.play.png]
[marketifythemes.net/html/cavoni/css/plugins.css]
[marketifythemes.net/html/cavoni/img/about/2.jpg]
[marketifythemes.net/html/cavoni/css/style.css]
[marketifythemes.net/html/cavoni/img/svg/cancel.svg]
[marketifythemes.net/html/cavoni/img/svg/social/facebook.svg]
[marketifythemes.net/html/cavoni/img/svg/social/twitter.svg]
[marketifythemes.net/html/cavoni/img/svg/social/instagram.svg]
[marketifythemes.net/html/cavoni/img/svg/social/dribbble.svg]
[marketifythemes.net/html/cavoni/img/svg/social/tik-tok.svg]
[marketifythemes.net/html/cavoni/js/jquery.js]
[marketifythemes.net/html/cavoni/GET]
[marketifythemes.net/html/cavoni/Error pJS - No image.src]
[marketifythemes.net/html/cavoni/js/plugins.js]
[marketifythemes.net/html/cavoni/img.svg]
[marketifythemes.net/html/cavoni/js/init.js]
[marketifythemes.net/html/cavoni/modal/contact.html]
[marketifythemes.net/html/cavoni/css/font/fontello3b7f.svg]
[marketifythemes.net/html/cavoni/css/owl.video.play.html]
[marketifythemes.net/html/cavoni/GET.html]
[marketifythemes.net/html/cavoni/Error pJS - No image.html]
[marketifythemes.net/html/cavoni/img.html]
[marketifythemes.net/html/cavoni/modal/contact.html]
